[revolution.themepunch.com/corporate-website-template/index.html]
[backblue.gif]
[fade.gif]
[index.html]
[revolution.themepunch.com/wp-content/cache/min/1/bdc557090c90c4e9d8fa6548f9a056ba.css]
[revolution.themepunch.com/wp-content/uploads/2019/09/preview.jpg]
[revolution.themepunch.com/wp-content/cache/busting/1/wp-includes/js/jquery/jquery-1.12.4-wp.js]
[revolution.themepunch.com/wp-content/uploads/2019/06/favicon_rs6-150x150.png]
[revolution.themepunch.com/wp-content/uploads/2019/06/favicon_rs6.png]
[revolution.themepunch.com/wp-content/plugins/revslider/public/assets/assets/transparent.png]
[revolution.themepunch.com/wp-content/uploads/revslider/Corporate-Welcome-Screen/corporate-welcome-bg.jpg]
[revolution.themepunch.com/wp-content/uploads/revslider/Corporate-Portfolio/corporate-portfolio-1.jpg]
[revolution.themepunch.com/wp-content/uploads/revslider/Corporate-Portfolio/corporate-portfolio-2.jpg]
[revolution.themepunch.com/wp-content/uploads/revslider/Corporate-Portfolio/corporate-portfolio-3.jpg]
[revolution.themepunch.com/wp-content/uploads/revslider/Corporate-Portfolio/corporate-portfolio-4.jpg]
[revolution.themepunch.com/wp-content/uploads/revslider/Corporate-Portfolio/corporate-portfolio-5.jpg]
[revolution.themepunch.com/wp-content/uploads/revslider/Corporate-Portfolio/corporate-portfolio-6.jpg]
[revolution.themepunch.com/wp-content/uploads/revslider/Corporate-Chart/corporate-chart-lines.png]
[revolution.themepunch.com/wp-content/uploads/revslider/Corporate-News/corporate-news-1.png]
[revolution.themepunch.com/wp-content/uploads/revslider/Corporate-News/corporate-news-2.png]
[revolution.themepunch.com/wp-content/uploads/revslider/Corporate-News/corporate-news-3.png]
[revolution.themepunch.com/wp-content/uploads/revslider/Corporate-Hiring/corporate-hiring-cover.jpg]
[revolution.themepunch.com/wp-content/uploads/revslider/Corporate-Testimonials/corporate-testimonials-1.jpg]
[revolution.themepunch.com/wp-content/uploads/revslider/Corporate-Testimonials/corporate-testimonials-2.jpg]
[revolution.themepunch.com/wp-content/uploads/revslider/Corporate-Testimonials/corporate-testimonials-3.jpg]
[revolution.themepunch.com/wp-content/uploads/revslider/Corporate-Store/corporate-shop-1.jpg]
[revolution.themepunch.com/wp-content/uploads/revslider/Corporate-Store/corporate-shop-2.jpg]
[revolution.themepunch.com/wp-content/uploads/revslider/Corporate-Store/corporate-shop-3.jpg]
[revolution.themepunch.com/wp-content/uploads/revslider/Corporate-Store/corporate-shop-4.jpg]
[revolution.themepunch.com/wp-content/uploads/revslider/Corporate-Support/corporate-support-bg.jpg]
[revolution.themepunch.com/wp-content/uploads/revslider/Corporate-Team/corporate-team-1.jpg]
[revolution.themepunch.com/wp-content/uploads/revslider/Corporate-Team/corporate-team-2.jpg]
[revolution.themepunch.com/wp-content/uploads/revslider/Corporate-Team/corporate-team-3.jpg]
[revolution.themepunch.com/wp-content/uploads/revslider/Corporate-Team/corporate-team-4.jpg]
[revolution.themepunch.com/wp-content/uploads/revslider/Corporate-Selected-Projects/corporate-selected-projects-1.jpg]
[revolution.themepunch.com/wp-content/uploads/revslider/Corporate-Selected-Projects/corporate-selected-projects-2.jpg]
[revolution.themepunch.com/wp-content/uploads/revslider/Corporate-Selected-Projects/corporate-selected-projects-3.jpg]
[revolution.themepunch.com/wp-content/uploads/revslider/Corporate-Selected-Projects/corporate-selected-projects-4.jpg]
[revolution.themepunch.com/wp-content/uploads/revslider/Corporate-Selected-Projects/corporate-selected-projects-5.jpg]
[revolution.themepunch.com/wp-content/uploads/revslider/Corporate-Selected-Projects/corporate-selected-projects-6.jpg]
[revolution.themepunch.com/wp-content/uploads/revslider/Corporate-Clients/corporate-logo-1.jpg]
[revolution.themepunch.com/wp-content/uploads/revslider/Corporate-Clients/corporate-logo-2.jpg]
[revolution.themepunch.com/wp-content/uploads/revslider/Corporate-Clients/corporate-logo-4.jpg]
[revolution.themepunch.com/wp-content/uploads/revslider/Corporate-Clients/corporate-logo-3.jpg]
[revolution.themepunch.com/wp-content/uploads/revslider/Corporate-Clients/corporate-logo-5.jpg]
[revolution.themepunch.com/wp-content/uploads/revslider/Corporate-Clients/corporate-logo-6.jpg]
[revolution.themepunch.com/wp-content/uploads/revslider/Corporate-Mobile-App/corporate-mobile-app.png]
[revolution.themepunch.com/wp-content/uploads/revslider/Corporate-Mobile-App/corporate-mobile-app-button-1.png]
[revolution.themepunch.com/wp-content/uploads/revslider/Corporate-Mobile-App/corporate-mobile-app-button-2.png]
[revolution.themepunch.com/cdn-cgi/scripts/5c5dd728/cloudflare-static/email-decode.min.js]
[revolution.themepunch.com/wp-content/cache/caos-analytics/analytics.js]
[revolution.themepunch.com/corporate-website-template/index.html]
[revolution.themepunch.com/wp-content/cache/min/1/b08eaff0229f7d8e8d5ad058ecd8ac65.js]
[revolution.themepunch.com/wp-content/plugins/essential-grid/public/assets/images/ajax-loader.gif]
[revolution.themepunch.com/wp-content/plugins/essential-grid/public/assets/images/loader.gif]
[revolution.themepunch.com/wp-content/plugins/revslider/public/assets/assets/gridtile.png]
[revolution.themepunch.com/wp-content/plugins/revslider/public/assets/assets/gridtile_white.png]
[revolution.themepunch.com/wp-content/plugins/revslider/public/assets/assets/gridtile_3x3.png]
[revolution.themepunch.com/wp-content/plugins/revslider/public/assets/assets/gridtile_3x3_white.png]
[revolution.themepunch.com/wp-content/plugins/revslider/public/assets/assets/coloredbg.png]
[revolution.themepunch.com/wp-content/plugins/revslider/public/assets/assets/loader.gif]
[revolution.themepunch.com/wp-content/uploads/2019/03/revslider_logo.png]
[revolution.themepunch.com/wp-content/uploads/2019/03/revslider_close.png]
[revolution.themepunch.com/wp-content/uploads/2019/03/revslider_arrow.png]
[revolution.themepunch.com/wp-content/cache/min/1/bdc557090c90c4e9d8fa6548f9a056ba.css]
