[csis.fcmat.org/index.html]
[backblue.gif]
[fade.gif]
[index.html]
[csis.fcmat.org/CMS.CSISTheme/vendor/@fortawesome/fontawesome-free/css/all.min.css]
[csis.fcmat.org/CMS.CSISTheme/vendor/bootstrap/css/bootstrap.min.css]
[csis.fcmat.org/CMS.CSISTheme/vendor/datatables.net/css/jquery.dataTables.min.css]
[csis.fcmat.org/CMS.CSISTheme/vendor/select2/css/select2.min.css]
[csis.fcmat.org/CMS.CSISTheme/vendor/select2-bootstrap4-theme/select2-bootstrap4.min.css]
[csis.fcmat.org/CMS.CSISTheme/css/clean-blog-orchard.min.css]
[csis.fcmat.org/CMS.CSISTheme/vendor/jquery/jquery.min.js]
[csis.fcmat.org/CMS.CSISTheme/vendor/bootstrap/js/bootstrap.bundle.min.js]
[csis.fcmat.org/CMS.CSISTheme/vendor/jquery-csv/jquery.csv.min.js]
[csis.fcmat.org/CMS.CSISTheme/vendor/datatables.net/js/jquery.dataTables.min.js]
[csis.fcmat.org/CMS.CSISTheme/vendor/bootstrap-maxlength/bootstrap-maxlength.min.js]
[csis.fcmat.org/CMS.CSISTheme/vendor/jqBootstrapValidation/jqBootstrapValidation.min.js]
[csis.fcmat.org/CMS.CSISTheme/vendor/select2/js/select2.min.js]
[csis.fcmat.org/CMS.CSISTheme/js/clean-blog.min.js]
[csis.fcmat.org/OrchardCore.Menu/Scripts/activate-links.min.js]
[www.google.com/recaptcha/api.js]
[use.typekit.net/kmb2vnr.css]
[csis.fcmat.org/services.html]
[csis.fcmat.org/calpads.html]
[csis.fcmat.org/calpads-dates.html]
[csis.fcmat.org/calpads-lea-contacts.html]
[csis.fcmat.org/calpads-learning.html]
[csis.fcmat.org/calpads-recognition.html]
[csis.fcmat.org/calpads-training-recognition.html]
[csis.fcmat.org/calpads-data-management-recognition.html]
[csis.fcmat.org/calpads-support.html]
[csis.fcmat.org/contact-us.html]
[csis.fcmat.org/ListServ.html]
[csis.fcmat.org/resources.html]
[csis.fcmat.org/about-us.html]
[csis.fcmat.org/careers.html]
[csis.fcmat.org/our-organization.html]
[csis.fcmat.org/media/home/ed-data-mockup.png]
[csis.fcmat.org/media/action-bar/action-bar-icon-lea-contacts.png]
[csis.fcmat.org/media/action-bar/action-bar-icon-contact-support.png]
[csis.fcmat.org/media/action-bar/action-bar-icon-faq.png]
[csis.fcmat.org/media/action-bar/action-bar-icon-recognition.png]
[csis.fcmat.org/media/action-bar/action-bar-icon-online-training.png]
[csis.fcmat.org/media/illustrations/blue-people-data-01.png]
[csis.fcmat.org/media/home/projection-pro-mockup.png]
[csis.fcmat.org/media/global/fcmat-logo-white.png]
[csis.fcmat.org/terms-of-service.html]
[csis.fcmat.org/index.html]
[csis.fcmat.org/CMS.CSISTheme/favicon.html]
[csis.fcmat.org/createuser.html]
[csis.fcmat.org/CMS.CSISTheme/vendor/@fortawesome/fontawesome-free/webfonts/fa-brands-400.eot]
[csis.fcmat.org/CMS.CSISTheme/vendor/@fortawesome/fontawesome-free/webfonts/fa-brands-400d41d.eot]
[csis.fcmat.org/CMS.CSISTheme/vendor/@fortawesome/fontawesome-free/webfonts/fa-brands-400.woff2]
[csis.fcmat.org/CMS.CSISTheme/vendor/@fortawesome/fontawesome-free/webfonts/fa-brands-400.woff]
[csis.fcmat.org/CMS.CSISTheme/vendor/@fortawesome/fontawesome-free/webfonts/fa-brands-400.ttf]
[csis.fcmat.org/CMS.CSISTheme/vendor/@fortawesome/fontawesome-free/webfonts/fa-regular-400.eot]
[csis.fcmat.org/CMS.CSISTheme/vendor/@fortawesome/fontawesome-free/webfonts/fa-regular-400d41d.eot]
[csis.fcmat.org/CMS.CSISTheme/vendor/@fortawesome/fontawesome-free/webfonts/fa-regular-400.woff2]
[csis.fcmat.org/CMS.CSISTheme/vendor/@fortawesome/fontawesome-free/webfonts/fa-regular-400.woff]
[csis.fcmat.org/CMS.CSISTheme/vendor/@fortawesome/fontawesome-free/webfonts/fa-regular-400.ttf]
[csis.fcmat.org/CMS.CSISTheme/vendor/@fortawesome/fontawesome-free/webfonts/fa-solid-900.eot]
[csis.fcmat.org/CMS.CSISTheme/vendor/@fortawesome/fontawesome-free/webfonts/fa-solid-900d41d.eot]
[csis.fcmat.org/CMS.CSISTheme/vendor/@fortawesome/fontawesome-free/webfonts/fa-solid-900.woff2]
[csis.fcmat.org/CMS.CSISTheme/vendor/@fortawesome/fontawesome-free/webfonts/fa-solid-900.woff]
[csis.fcmat.org/CMS.CSISTheme/vendor/@fortawesome/fontawesome-free/webfonts/fa-solid-900.ttf]
[csis.fcmat.org/CMS.CSISTheme/vendor/@fortawesome/fontawesome-free/css/all.min.css]
[csis.fcmat.org/CMS.CSISTheme/vendor/bootstrap/css/bootstrap.min.css]
[csis.fcmat.org/CMS.CSISTheme/vendor/datatables.net/images/sort_both.png]
[csis.fcmat.org/CMS.CSISTheme/vendor/datatables.net/images/sort_asc.png]
[csis.fcmat.org/CMS.CSISTheme/vendor/datatables.net/images/sort_desc.png]
[csis.fcmat.org/CMS.CSISTheme/vendor/datatables.net/images/sort_asc_disabled.png]
[csis.fcmat.org/CMS.CSISTheme/vendor/datatables.net/images/sort_desc_disabled.png]
[csis.fcmat.org/CMS.CSISTheme/vendor/datatables.net/css/jquery.dataTables.min.css]
[csis.fcmat.org/CMS.CSISTheme/vendor/select2/css/select2.min.css]
[csis.fcmat.org/CMS.CSISTheme/vendor/select2-bootstrap4-theme/select2-bootstrap4.min.css]
[csis.fcmat.org/CMS.CSISTheme/Media/global/bg-404.jpg]
[csis.fcmat.org/CMS.CSISTheme/Media/heroes/hero-default.jpg]
[csis.fcmat.org/CMS.CSISTheme/Media/bottom-banners/bottom_banner-need_help.jpg]
[csis.fcmat.org/CMS.CSISTheme/Media/bottom-banners/bottom_banner-location_parking.jpg]
[csis.fcmat.org/CMS.CSISTheme/Media/bottom-banners/bottom_banner-work_with_us.jpg]
[csis.fcmat.org/CMS.CSISTheme/Media/bottom-banners/bottom_banner-capitol.jpg]
[csis.fcmat.org/CMS.CSISTheme/css/clean-blog-orchard.min.css]
[use.typekit.net/af/71f83c/00000000000000003b9b093b/27/l652f]
[use.typekit.net/af/71f83c/00000000000000003b9b093b/27/d652f]
[use.typekit.net/af/71f83c/00000000000000003b9b093b/27/a652f]
[use.typekit.net/af/3331e6/00000000000000003b9b0936/27/le003]
[use.typekit.net/af/3331e6/00000000000000003b9b0936/27/de003]
[use.typekit.net/af/3331e6/00000000000000003b9b0936/27/ae003]
[use.typekit.net/af/1c8dd5/00000000000000003b9b0dac/27/l652f]
[use.typekit.net/af/1c8dd5/00000000000000003b9b0dac/27/d652f]
[use.typekit.net/kmb2vnr.css]
[csis.fcmat.org/CMS.CSISTheme/Media/global/csis-main-logo-navy.svg]
[use.typekit.net/af/1c8dd5/00000000000000003b9b0dac/27/a652f]
[csis.fcmat.org/media/services/service-ed_data.jpg]
[csis.fcmat.org/media/services/service-data_culture.jpg]
[csis.fcmat.org/media/services/service-software.jpg]
[csis.fcmat.org/media/services/service-calpads.jpg]
[csis.fcmat.org/media/services/service-projection_pro.jpg]
[csis.fcmat.org/media/services/service-experts.jpg]
[csis.fcmat.org/media/services/service-cto.jpg]
[csis.fcmat.org/services.html]
[csis.fcmat.org/CMS.CSISTheme/Media/illustrations/blue-people-developers-01.png]
[csis.fcmat.org/calpads.html]
[csis.fcmat.org/calpads-dates.html]
[csis.fcmat.org/calpads-lea-contacts.html]
[csis.fcmat.org/media/action-bar/action-bar-icon-youtube.png]
[csis.fcmat.org/media/action-bar/action-bar-icon-resources.png]
[csis.fcmat.org/media/illustrations/blue-people-online-edu-01.png]
[csis.fcmat.org/calpads-learning.html]
[csis.fcmat.org/calpads-recognition.html]
[csis.fcmat.org/calpads-training-recognition.html]
[csis.fcmat.org/calpads-data-management-recognition.html]
[csis.fcmat.org/media/action-bar/action-bar-icon-instructor-led-training.png]
[csis.fcmat.org/media/illustrations/blue-people-onsite-01.png]
[csis.fcmat.org/media/documents/COE_Onsite _CALPADS_Training_Options.pdf]
[csis.fcmat.org/calpads-support.html]
[csis.fcmat.org/media/illustrations/blue-people-teamwork-01.png]
[csis.fcmat.org/contact-us.html]
[csis.fcmat.org/ListServ.html]
[csis.fcmat.org/media/file-icons/icon-white-file-pptx@2x.png]
[csis.fcmat.org/resources-repository.html]
[csis.fcmat.org/media/file-icons/icon-white-file-pdf@2x.png]
[csis.fcmat.org/resources.html]
[csis.fcmat.org/media/illustrations/blue-people-developers-01.png]
[csis.fcmat.org/media/illustrations/blue-people-puzzle-01.png]
[csis.fcmat.org/about-us.html]
[csis.fcmat.org/CMS.CSISTheme/Media/illustrations/blue-people-city-park-01.png]
[csis.fcmat.org/careers.html]
[csis.fcmat.org/media/cards/card-image-csis-team.jpg]
[csis.fcmat.org/media/documents/FCMATCSIS-Org-Chart.pdf]
[csis.fcmat.org/our-organization.html]
[csis.fcmat.org/terms-of-service.html]
[csis.fcmat.org/createuser.html]
[csis.fcmat.org/CMS.CSISTheme/vendor/@fortawesome/fontawesome-free/webfonts/fa-brands-400.svg]
[csis.fcmat.org/CMS.CSISTheme/vendor/@fortawesome/fontawesome-free/webfonts/fa-regular-400.svg]
[csis.fcmat.org/CMS.CSISTheme/vendor/@fortawesome/fontawesome-free/webfonts/fa-solid-900.svg]
[p.typekit.net/peb23.css]
[csis.fcmat.org/media/file-icons/icon-white-file-docx@2x.png]
[csis.fcmat.org/resources-repository.html]
[csis.fcmat.org/media/file-icons/icon-white-file-xlsx@2x.html]
[csis.fcmat.org/workflows/Invoked434.html]
[csis.fcmat.org/media/file-icons/icon-white-file-2@2x.html]
[csis.fcmat.org/media/file-icons/icon-white-file-1-Cohort Outcome-Counts-and-Rates-Mapping-Guide@2x.html]
[csis.fcmat.org/media/file-icons/icon-white-file-2 Cohort Outcome - Student Details@2x.html]
